[   .00000Linuvesion 4.15.0-66-generic (buildd@lgw01-amd64-044) (gcc version 7.4.0 (Ubuntu 7.4.0-1ubuntu1~18.04.1)) #75-Ubuntu SMP Tue Oct 1 05:24:09 UTC 2019 (Ubuntu 4.15.0-66.75-generic 4.15.18)
[    0.000000] Command line: BOOT_IMAGE=/boot/vmlinuz-4.15.0-66-generic root=LABEL=cloudimg-rootfs ro console=tty1 console=ttyS0
[    0.000000] KERNEL upported cus:
[    0.000000]   Intel GenuineIntel
[    0.000000]   AMD AuthenticAMD
[    0.000000]   Centaur CentaurHauls
[    0.000000] x86/fpu: Supporting XSAVE feature 0x001: 'x87 floating point registers'
[    0.000000] x86/fpu: Supporting XSAVE feature 0x002: 'SSE registers'
[    0.000000] x86/fpu: Supporting XSAVE feature 0x004: 'AVX registers'
[    0.000000] x86/fpu: xstate_offset[2]:  576, xstate_sizes[2]:  256
[    0.000000] x86/fpu: Enabled xstate features 0x7, context size is 832 bytes, using 'standard' format.
[    0.000000] e820: BIOS-provided physical RAM map:
[    0.000000] BIOS-e820: [mem 0x0000000000000000-0x000000000009fbff] usable
[    0.000000] BIOS-e820: [mem 0x000000000009fc0-0x000000000009ffff] reserved
[    0.000000] BIOS-e820: [mem 0x00000000000f0000-0x00000000000fffff] reserved
[    0.000000] BIOS-e820: [mem 0x0000000000100000-0x000000003ffeffff] usable
[    0.000000] BIOS-e820: [mem 0x000000003fff0000-0x000000003fffffff] ACPI data
[    0.000000] BIOS-e820: [mem 0x00000000fec00000-0x00000000fec00fff] reserved
[    0.000000] BIOS-e820: [mem 0x00000000fee00000-0x00000000fee00fff] reserved
[    0.000000] BIOS-e820: [mem 0x00000000fffc0000-0x00000000ffffffff] reserved
[    0.000000] NX (Execute Disable) protection: active
[    0.000000] SMBIOS 2.5 present.
[    0.000000] DMI: innotek GmbH VirtualBox/VirtualBox, BIOS VirtualBox 12/01/2006
[    0.000000] Hypervisor detected: KVM
[    0.000000] e820: last_pfn = 0x3fff0 max_arch_pfn = 0x400000000
[    0.000000] MTRR: Disabled
[    0.000000] x86/PAT: MTRRs disabled, skipping PAT initialization too.
[    0.000000] CPU MTRRs all blank - virtualized system.
[    0.000000] x86/PAT: Configuration [0-7]: WB  WT  UC- UC  WB  WT  UC- UC  
[    0.000000] found SMP MP-table at [mem 0x0009fff0-0x0009ffff]
[    0.000000] Scanning 1 areas for low memory corruption
[    0.000000] RAMDISK: [mem 0x35a8b000-0x36d3cfff]
[    0.000000] ACPI: Early table checksum verification disabled
[    0.000000] ACPI: RSDP 0x00000000000E0000 000024 (v02 VBOX  )
[    0.000000] ACPI: XSDT 0x000000003FFF0030 00003C (v01 VBOX   VBOXXSDT 00000001 ASL  00000061)
[    0.000000] ACPI: FACP 0x000000003FFF00F0 0000F4 (v04 VBOX   VBOXFACP 00000001 ASL  00000061)
[    0.000000] ACPI: DSDT 0x000000003FFF0470 0021FF (v02 VBOX   VBOXBIOS 00000002 INTL 20180105)
[    0.000000] ACPI: FACS 0x000000003FFF0200 000040
[    0.000000] ACPI: FACS 0x000000003FFF0200 000040
[    0.000000] ACPI: APIC 0x000000003FFF0240 00005C (v02 VBOX   VBOXAPIC 00000001 ASL  00000061)
[    0.000000] ACPI: SSDT 0x000000003FFF02A0 0001CC (v01 VBOX   VBOXCPUT 00000002 INTL 20180105)
[    0.000000] No NUMA configuration found
[    0.000000] Faking a node at [mem 0x0000000000000000-0x000000003ffeffff]
[    0.000000] NODE_DATA(0) allocated [mem 0x3ffc5000-0x3ffeffff]
[    0.000000] kvm-clock: cpu 0, msr 0:3ff44001, primary cpu clock
[    0.000000] kvm-clock: Using msrs 4b564d01 and 4b564d00
[    0.000000] kvm-clock: using sched offset of 3069528508 cycles
[    0.000000] clocksource: kvm-clock: mask: 0xffffffffffffffff max_cycles: 0x1cd42e4dffb, max_idle_ns: 881590591483 ns
[    0.000000] Zone ranges:
[    0.000000]   DMA      [mem 0x0000000000001000-0x0000000000ffffff]
[    0.000000]   DMA32    [mem 0x0000000001000000-0x000000003ffeffff]
[    0.000000]   Normal   empty
[    0.000000]   Device   empty
[    0.000000] Movable zone start for each node
[    0.000000] Early memory node ranges
[    0.000000]   node   0: [mem 0x0000000000001000-0x000000000009efff]
[    0.000000]   node   0: [mem 0x0000000000100000-0x000000003ffeffff]
[    0.000000] Reserved but unavailable: 98 pages
[    0.000000] Initmem setup node 0 [mem 0x0000000000001000-0x000000003ffeffff]
[    0.000000] ACPI: PM-Timer IO Port: 0x4008
[    0.000000] IOAPIC[0]: apic_id 2, version 32, address 0xfec00000, GSI 0-23
[    0.000000] ACPI: INT_SRC_OVR (bus 0 bus_irq 0 global_irq 2 dfl dfl)
[    0.000000] ACPI: INT_SRC_OVR (bus 0 bus_irq 9 global_irq 9 low level)
[    0.000000] Using ACPI (MADT) for SMP configuration information
[    0.000000] smpboot: Allowing 2 CPUs, 0 hotplug CPUs
[    0.000000] PM: Registered nosave memory: [mem 0x00000000-0x00000fff]
[    0.000000] PM: Registered nosave memory: [mem 0x0009f000-0x0009ffff]
[    0.000000] PM: Registered nosave memory: [mem 0x000a0000-0x000effff]
[    0.000000] PM: Registered nosave memory: [mem 0x000f0000-0x000fffff]
[    0.000000] e820: [mem 0x40000000-0xfebfffff] available for PCI devices
[    0.000000] Booting paravirtualized kernel on KVM
[    0.000000] clocksource: refined-jiffies: mask: 0xffffffff max_cycles: 0xffffffff, max_idle_ns: 7645519600211568 ns
[    0.000000] random: get_random_bytes called from start_kernel+0x99/0x4fd with crng_init=0
[    0.000000] setup_percpu: NR_CPUS:8192 nr_cpumask_bits:2 nr_cpu_ids:2 nr_node_ids:1
[    0.000000] percpu: Embedded 46 pages/cpu s151552 r8192 d28672 u1048576
[    0.000000] PV qspinlock hash table entries: 256 (order: 0, 4096 bytes)
[    0.000000] Built 1 zonelists, mobility grouping on.  Total pages: 257913
[    0.000000] Policy zone: DMA32
[    0.000000] Kernel command line: BOOT_IMAGE=/boot/vmlinuz-4.15.0-66-generic root=LABEL=cloudimg-rootfs ro console=tty1 console=ttyS0
[    0.000000] Memory: 983436K/1048120K available (12300K kernel code, 2481K rwdata, 4260K rodata, 2436K init, 2388K bss, 64684K reserved, 0K cma-reserved)
[    0.000000] SLUB: HWalign=64, Order=0-3, MinObjects=0, CPUs=2, Nodes=1
[    0.000000] ftrace: allocating 39306 entries in 154 pages
[    0.004000] Hierarchical RCU implementation.
[    0.004000] 	RCU restricting CPUs from NR_CPUS=8192 to nr_cpu_ids=2.
[    0.004000] 	Tasks RCU enabled.
[    0.004000] RCU: Adjusting geometry for rcu_fanout_leaf=16, nr_cpu_ids=2
[    0.004000] NR_IRQS: 524544, nr_irqs: 440, preallocated irqs: 16
[    0.004000] Console: colour VGA+ 80x25
[    0.004000] console [tty1] enabled
[    0.004000] console [ttyS0] enabled
[    0.004000] ACPI: Core revision 20170831
[    0.004000] ACPI: 2 ACPI AML tables successfully acquired and loaded
[    0.004000] APIC: Switch to symmetric I/O mode setup
[    0.004000] x2apic enabled
[    0.004000] Switched APIC routing to physical x2apic.
[    0.004000] ..TIMER: vector=0x30 apic1=0 pin1=2 apic2=-1 pin2=-1
[    0.004000] tsc: Detected 3393.622 MHz processor
[    0.004000] tsc: Marking TSC unstable due to TSCs unsynchronized
[    0.004000] Calibrating delay loop (skipped) preset value.. 6787.24 BogoMIPS (lpj=13574488)
[    0.004000] pid_max: default: 32768 minimum: 301
[    0.004000] Security Framework initialized
[    0.004000] Yama: becoming mindful.
[    0.004000] AppArmor: AppArmor initialized
[    0.004000] Dentry cache hash table entries: 131072 (order: 8, 1048576 bytes)
[    0.004049] Inode-cache hash table entries: 65536 (order: 7, 524288 bytes)
[    0.004655] Mount-cache hash table entries: 2048 (order: 2, 16384 bytes)
[    0.005237] Mountpoint-cache hash table entries: 2048 (order: 2, 16384 bytes)
[    0.006047] Last level iTLB entries: 4KB 1024, 2MB 1024, 4MB 512
[    0.006579] Last level dTLB entries: 4KB 1536, 2MB 1536, 4MB 768, 1GB 0
[    0.007150] Spectre V1 : Mitigation: usercopy/swapgs barriers and __user pointer sanitization
[    0.008002] Spectre V2 : Spectre mitigation: LFENCE not serializing, switching to generic retpoline
[    0.008801] Spectre V2 : Mitigation: Full generic retpoline
[    0.009293] Spectre V2 : Spectre v2 / SpectreRSB mitigation: Filling RSB on context switch
[    0.010025] Speculative Store Bypass: Mitigation: Speculative Store Bypass disabled via prctl and seccomp
[    0.011009] Freeing SMP alternatives memory: 36K
[    0.120949] smpboot: CPU0: AMD Ryzen 5 2600 Six-Core Processor (family: 0x17, model: 0x8, stepping: 0x2)
[    0.124000] Performance Events: PMU not available due to virtualization, using software events only.
[    0.124035] Hierarchical SRCU implementation.
[    0.124975] NMI watchdog: Perf event create on CPU 0 failed with -2
[    0.125560] NMI watchdog: Perf NMI watchdog permanently disabled
[    0.128046] smp: Bringing up secondary CPUs ...
[    0.132080] x86: Booting SMP configuration:
[    0.136002] .... node  #0, CPUs:      #1
[    0.004000] kvm-clock: cpu 1, msr 0:3ff44041, secondary cpu clock
[    0.137841] smp: Brought up 1 node, 2 CPUs
[    0.140003] smpboot: Max logical packages: 1
[    0.144009] smpboot: Total of 2 processors activated (13574.48 BogoMIPS)
[    0.145341] devtmpfs: initialized
[    0.145341] x86/mm: Memory block size: 128MB
[    0.145404] evm: security.selinux
[    0.146150] evm: security.SMACK64
[    0.146886] evm: security.SMACK64EXEC
[    0.147678] evm: security.SMACK64TRANSMUTE
[    0.148004] evm: security.SMACK64MMAP
[    0.148628] evm: security.apparmor
[    0.149048] evm: security.ima
[    0.149427] evm: security.capability
[    0.152033] clocksource: jiffies: mask: 0xffffffff max_cycles: 0xffffffff, max_idle_ns: 7645041785100000 ns
[    0.156015] futex hash table entries: 512 (order: 3, 32768 bytes)
[    0.157611] pinctrl core: initialized pinctrl subsystem
[    0.159268] RTC time:  9:33:46, date: 11/19/19
[    0.160307] NET: Registered protocol family 16
[    0.161470] audit: initializing netlink subsys (disabled)
[    0.162158] audit: type=2000 audit(1574156030.948:1): state=initialized audit_enabled=0 res=1
[    0.164012] cpuidle: using governor ladder
[    0.164557] cpuidle: using governor menu
[    0.164676] ACPI: bus type PCI registered
[    0.164676] acpiphp: ACPI Hot Plug PCI Controller Driver version: 0.5
[    0.164676] PCI: Using configuration type 1 for base access
[    0.164676] PCI: Using configuration type 1 for extended access
[    0.169045] HugeTLB registered 2.00 MiB page size, pre-allocated 0 pages
[    0.169045] ACPI: Added _OSI(Module Device)
[    0.169045] ACPI: Added _OSI(Processor Device)
[    0.169045] ACPI: Added _OSI(3.0 _SCP Extensions)
[    0.172003] ACPI: Added _OSI(Processor Aggregator Device)
[    0.172484] ACPI: Added _OSI(Linux-Dell-Video)
[    0.172895] ACPI: Added _OSI(Linux-Lenovo-NV-HDMI-Audio)
[    0.173368] ACPI: Added _OSI(Linux-HPI-Hybrid-Graphics)
[    0.173985] ACPI: Executed 1 blocks of module-level executable AML code
[    0.179226] ACPI: Interpreter enabled
[    0.179743] ACPI: (supports S0 S5)
[    0.180009] ACPI: Using IOAPIC for interrupt routing
[    0.180922] PCI: Using host bridge windows from ACPI; if necessary, use "pci=nocrs" and report a bug
[    0.182182] ACPI: Enabled 2 GPEs in block 00 to 07
[    0.187494] ACPI: PCI Root Bridge [PCI0] (domain 0000 [bus 00-ff])
[    0.188006] acpi PNP0A03:00: _OSC: OS supports [ExtendedConfig ASPM ClockPM Segments MSI]
[    0.188781] acpi PNP0A03:00: _OSC: OS now controls [PCIeHotplug PME AER PCIeCapability]
[    0.189704] PCI host bridge to bus 0000:00
[    0.190099] pci_bus 0000:00: root bus resource [io  0x0000-0x0cf7 window]
[    0.190688] pci_bus 0000:00: root bus resource [io  0x0d00-0xffff window]
[    0.192003] pci_bus 0000:00: root bus resource [mem 0x000a0000-0x000bffff window]
[    0.192683] pci_bus 0000:00: root bus resource [mem 0x40000000-0xfdffffff window]
[    0.193357] pci_bus 0000:00: root bus resource [bus 00-ff]
[    0.194710] pci 0000:00:01.1: legacy IDE quirk: reg 0x10: [io  0x01f0-0x01f7]
[    0.195330] pci 0000:00:01.1: legacy IDE quirk: reg 0x14: [io  0x03f6]
[    0.196003] pci 0000:00:01.1: legacy IDE quirk: reg 0x18: [io  0x0170-0x0177]
[    0.196620] pci 0000:00:01.1: legacy IDE quirk: reg 0x1c: [io  0x0376]
[    0.208482] pci 0000:00:07.0: quirk: [io  0x4000-0x403f] claimed by PIIX4 ACPI
[    0.209173] pci 0000:00:07.0: quirk: [io  0x4100-0x410f] claimed by PIIX4 SMB
[    0.217324] ACPI: PCI Interrupt Link [LNKA] (IRQs 5 9 10 *11)
[    0.218409] ACPI: PCI Interrupt Link [LNKB] (IRQs 5 9 *10 11)
[    0.219252] ACPI: PCI Interrupt Link [LNKC] (IRQs 5 *9 10 11)
[    0.220115] ACPI: PCI Interrupt Link [LNKD] (IRQs 5 9 10 *11)
[    0.221263] SCSI subsystem initialized
[    0.221841] pci 0000:00:02.0: vgaarb: setting as boot VGA device
[    0.221841] pci 0000:00:02.0: vgaarb: VGA device added: decodes=io+mem,owns=io+mem,locks=none
[    0.221841] pci 0000:00:02.0: vgaarb: bridge control possible
[    0.224012] vgaarb: loaded
[    0.224447] ACPI: bus type USB registered
[    0.224994] usbcore: registered new interface driver usbfs
[    0.225683] usbcore: registered new interface driver hub
[    0.226369] usbcore: registered new device driver usb
[    0.227074] EDAC MC: Ver: 3.0.0
[    0.228301] PCI: Using ACPI for IRQ routing
[    0.229176] NetLabel: Initializing
[    0.229852] NetLabel:  domain hash size = 128
[    0.230662] NetLabel:  protocols = UNLABELED CIPSOv4 CALIPSO
[    0.232028] NetLabel:  unlabeled traffic allowed by default
[    0.233064] clocksource: Switched to clocksource kvm-clock
[    0.243050] VFS: Disk quotas dquot_6.
   0042]FSDquot-cacheha tlentes 52 orr  496byes
   0.866190] AppArmor: AppArmor Filesystem Enabled
[    0.870045] pnp: PnP ACPI init
[    0.87004] p:nPAC: un 3 device
[  1631]losoceac_p: ma: ffffaxycs:xfff m_ie_: 087002ns

[    2.5727 NT:egted otolamy 

[    23044] P taisd shab eri: 92orr:, 53 bte)  3.14] P ndastae tres: 8192 (order: 5, 131072 bytes)
[   4911 TP:astaesongud stlied19bi 82)
[    4.124699] UDP hash table entries: 512 (order: 2, 16384 bytes)
[    4.126311] UDP-Lite hash table entries: 512 (order: 2, 16384 bytes)
[    4.126971] NET: Registered protocol family 1
[    4.127450] pci 0000:00:00.0: Limiting direct PCI/PCI transfers
[    4.127954] pci 0000:00:01.0: Activating ISA DMA hang workarounds
[    4.128467] pci 0000:00:02.0: Video device with shadowed ROM at [mem 0x000c0000-0x000dffff]
[    4.129174] Unpacking initramfs...
[    4.351238] Freeing initrd memory: 19144K
[    4.357091] clocksource: tsc: mask: 0xffffffffffffffff max_cycles: 0x30eac5b3ab4, max_idle_ns: 440795272524 ns
[    4.381399] platform rtc_cmos: registered platform RTC device (no PNP device found)
[    4.390899] Scanning for low memory corruption every 60 seconds
[    4.393176] Initialise system trusted keyrings
[    4.394192] Key type blacklist registered
[    4.395191] workingset: timestamp_bits=36 max_order=18 bucket_order=0
[    4.397398] zbud: loaded
[    4.398463] squashfs: version 4.0 (2009/01/31) Phillip Lougher
[    4.399563] fuse init (API version 7.26)
[    4.402736] Key type asymmetric registered
[    4.405009] Asymmetric key parser 'x509' registered
[    4.406225] Block layer SCSI generic (bsg) driver version 0.4 loaded (major 246)
[    4.408107] io scheduler noop registered
[    4.409005] io scheduler deadline registered
[    4.410037] io scheduler cfq registered (default)
[    4.411594] ACPI: AC Adapter [AC] (on-line)
[    4.412359] input: Power Button as /devices/LNXSYSTM:00/LNXPWRBN:00/input/input0
[    4.415303] ACPI: Power Button [PWRF]
[    4.415718] input: Sleep Button as /devices/LNXSYSTM:00/LNXSLPBN:00/input/input1
[    4.416490] ACPI: Sleep Button [SLPF]
[    4.417120] Serial: 8250/16550 driver, 32 ports, IRQ sharing enabled
[    4.438858] 00:02: ttyS0 at I/O 0x3f8 (irq = 4, base_baud = 115200) is a 16550A
[    4.441772] Linux agpgart interface v0.103
[    4.466509] loop: module loaded
[    4.472667] scsi host0: ata_piix
[    4.473476] scsi host1: ata_piix
[    4.473846] ata1: PATA max UDMA/33 cmd 0x1f0 ctl 0x3f6 bmdma 0xd000 irq 14
[    4.474518] ata2: PATA max UDMA/33 cmd 0x170 ctl 0x376 bmdma 0xd008 irq 15
[    4.475262] libphy: Fixed MDIO Bus: probed
[    4.475644] tun: Universal TUN/TAP device driver, 1.6
[    4.476182] PPP generic driver version 2.4.2
[    4.476666] ehci_hcd: USB 2.0 'Enhanced' Host Controller (EHCI) Driver
[    4.477269] ehci-pci: EHCI PCI platform driver
[    4.480254] ehci-platform: EHCI generic platform driver
[    4.480994] ohci_hcd: USB 1.1 'Open' Host Controller (OHCI) Driver
[    4.485243] ohci-pci: OHCI PCI platform driver
[    4.496856] ohci-platform: OHCI generic platform driver
[    4.497942] uhci_hcd: USB Universal Host Controller Interface driver
[    4.499302] i8042: PNP: PS/2 Controller [PNP0303:PS2K,PNP0f03:PS2M] at 0x60,0x64 irq 1,12
[    4.501652] serio: i8042 KBD port at 0x60,0x64 irq 1
[    4.502730] serio: i8042 AUX port at 0x60,0x64 irq 12
[    4.504099] mousedev: PS/2 mouse device common for all mice
[    4.505278] input: AT Translated Set 2 keyboard as /devices/platform/i8042/serio0/input/input2
[    4.508082] rtc_cmos rtc_cmos: rtc core: registered rtc_cmos as rtc0
[    4.512183] rtc_cmos rtc_cmos: alarms up to one day, 114 bytes nvram
[    4.512714] i2c /dev entries driver
[    4.513092] device-mapper: uevent: version 1.0.3
[    4.513587] device-mapper: ioctl: 4.37.0-ioctl (2017-09-20) initialised: dm-devel@redhat.com
[    4.514370] ledtrig-cpu: registered to indicate activity on CPUs
[    4.515491] NET: Registered protocol family 10
[    4.520541] Segment Routing with IPv6
[    4.521097] NET: Registered protocol family 17
[    4.521758] Key type dns_resolver registered
[    4.522572] mce: Using 0 MCE banks
[    4.523068] RAS: Correctable Errors collector initialized.
[    4.523743] sched_clock: Marking stable (4522536464, 0)->(4949911310, -427374846)
[    4.525092] registered taskstats version 1
[    4.525634] Loading compiled-in X.509 certificates
[    4.528469] Loaded X.509 cert 'Build time autogenerated kernel key: 01a66adcc10ca4ce7676a3458c33483b0e2b806e'
[    4.529275] zswap: loaded using pool lzo/zbud
[    4.532152] Key type big_key registered
[    4.544161] Key type trusted registered
[    4.554038] Key type encrypted registered
[    4.556160] AppArmor: AppArmor sha1 policy hashing enabled
[    4.557465] ima: No TPM chip found, activating TPM-bypass! (rc=-19)
[    4.558708] ima: Allocated hash algorithm: sha1
[    4.559620] evm: HMAC attrs: 0x1
[    4.560629]   Magic number: 11:441:576
[    4.561512] rtc_cmos rtc_cmos: setting system clock to 2019-11-19 09:33:51 UTC (1574156031)
[    4.563271] BIOS EDD facility v0.16 2004-Jun-25, 0 devices found
[    4.564866] EDD information not available.
[    4.637729] Freeing unused kernel image memory: 2436K
[    4.648011] Write protecting the kernel read-only data: 20480k
[    4.651495] Freeing unused kernel image memory: 2008K
[    4.653381] Freeing unused kernel image memory: 1884K
[    4.664253] x86/mm: Checked W+X mappings: passed, no W+X pages found.
Loading, please wait...
starting version 237
[    4.721503] e1000: Intel(R) PRO/1000 Network Driver - version 7.3.21-k8-NAPI
[    4.723498] e1000: Copyright (c) 1999-2006 Intel Corporation.
[    4.726728] Fusion MPT base driver 3.04.20
[    4.728451] Copyright (c) 1999-2008 LSI Corporation
[    4.742570] Fusion MPT SPI Host driver 3.04.20
[    4.745941] AVX2 version of gcm_enc/dec engaged.
[    4.747802] AES CTR mode by8 optimization enabled
[    4.935070] input: ImExPS/2 Generic Explorer Mouse as /devices/platform/i8042/serio1/input/input4
[    5.069096] e1000 0000:00:03.0 eth0: (PCI:33MHz:32-bit) 02:c7:16:cf:84:50
[    6.404111] e1000 0000:00:03.0 eth0: Intel(R) PRO/1000 Network Connection
[    7.569347] mptbase: ioc0: Initiating bringup
[    7.792319] ioc0: LSI53C1030 A0: Capabilities={Initiator}
[    8.337923] scsi host2: ioc0: LSI53C1030 A0, FwRev=00000000h, Ports=1, MaxQ=256, IRQ=20
[    8.524548] scsi 2:0:0:0: Direct-Access     VBOX     HARDDISK         1.0  PQ: 0 ANSI: 5
[    8.820037] scsi target2:0:0: Beginning Domain Validation
[    8.827581] scsi target2:0:0: Domain Validation skipping write tests
[    8.830028] scsi target2:0:0: Ending Domain Validation
[    8.831263] scsi target2:0:0: asynchronous
[    8.832827] scsi 2:0:1:0: Direct-Access     VBOX     HARDDISK         1.0  PQ: 0 ANSI: 5
[    8.858664] e1000 0000:00:08.0 eth1: (PCI:33MHz:32-bit) 08:00:27:5a:e2:c2
[    9.054128] e1000 0000:00:08.0 eth1: Intel(R) PRO/1000 Network Connection
[    9.247247] e1000 0000:00:03.0 enp0s3: renamed from eth0
[    9.268334] scsi target2:0:1: Beginning Domain Validation
[    9.268512] e1000 0000:00:08.0 enp0s8: renamed from eth1
[    9.362372] scsi target2:0:1: Domain Validation skipping write tests
[    9.363549] scsi target2:0:1: Ending Domain Validation
[    9.364553] random: fast init done
[    9.364577] scsi target2:0:1: asynchronous
[    9.397816] random: systemd-udevd: uninitialized urandom read (16 bytes read)
[    9.397899] sd 2:0:0:0: Attached scsi generic sg0 type 0
[    9.456126] sd 2:0:0:0: [sda] 20971520 512-byte logical blocks: (10.7 GB/10.0 GiB)
[    9.457939] random: systemd-udevd: uninitialized urandom read (16 bytes read)
[    9.457994] sd 2:0:0:0: [sda] Write Protect is off
[    9.458592] random: systemd-udevd: uninitialized urandom read (16 bytes read)
[    9.464016] sd 2:0:1:0: Attached scsi generic sg1 type 0
[    9.464059] sd 2:0:1:0: [sdb] 20480 512-byte logical blocks: (10.5 MB/10.0 MiB)
[    9.493250] sd 2:0:0:0: [sda] Incomplete mode parameter data
[    9.494245] sd 2:0:1:0: [sdb] Write Protect is off
[    9.494632] sd 2:0:0:0: [sda] Assuming drive cache: write through
[    9.497260] sd 2:0:1:0: [sdb] Incomplete mode parameter data
[    9.509696] sd 2:0:1:0: [sdb] Assuming drive cache: write through
[    9.513957]  sda: sda1
[    9.514484] sd 2:0:1:0: [sdb] Attached SCSI disk
[    9.521715] sd 2:0:0:0: [sda] Attached SCSI disk
Begin: Loading essential drivers ... [   10.936346] raid6: sse2x1   gen()  8536 MB/s
[   11.088062] raid6: sse2x1   xor()  6510 MB/s
[   11.256061] raid6: sse2x2   gen() 16079 MB/s
[   11.424062] raid6: sse2x2   xor() 10421 MB/s
[   11.504038] raid6: sse2x4   gen() 16567 MB/s
[   11.620068] raid6: sse2x4   xor()  9168 MB/s
[   11.668047] raid6: avx2x1   gen() 16718 MB/s
[   11.716022] raid6: avx2x1   xor() 12735 MB/s
[   11.764085] raid6: avx2x2   gen() 22598 MB/s
[   11.812098] raid6: avx2x2   xor() 12518 MB/s
[   11.960154] raid6: avx2x4   gen() 25619 MB/s
[   12.012053] raid6: avx2x4   xor() 13258 MB/s
[   12.013551] raid6: using algorithm avx2x4 gen() 25619 MB/s
[   12.020749] raid6: .... xor() 13258 MB/s, rmw enabled
[   12.021295] raid6: using avx2x2 recovery algorithm
[   12.022902] xor: automatically using best checksumming function   avx       
[   12.033849] async_tx: api initialized (async)
done.
Begin: Running /scripts/init-premount ... done.
Begin: Mounting root file system ... Begin: Running /scripts/local-top ... done.
Begin: Running /scripts/local-premount ... [   12.076598] Btrfs loaded, crc32c=crc32c-intel
Scanning for Btrfs filesystems
done.
Warning: fsck not present, so sk[   12.117569] EXT4-fs (sda1): mounted filesystem with ordered data mode. Opts: (null)
ipping root file system
done.
Begin: Running /scripts/local-bottom ... done.
Begin: Running /scripts/init-bottom ... done.
[   12.280464] ip_tables: (C) 2000-2006 Netfilter Core Team
[   12.295680] systemd[1]: systemd 237 running in system mode. (+PAM +AUDIT +SELINUX +IMA +APPARMOR +SMACK +SYSVINIT +UTMP +LIBCRYPTSETUP +GCRYPT +GNUTLS +ACL +XZ +LZ4 +SECCOMP +BLKID +ELFUTILS +KMOD -IDN2 +IDN -PCRE2 default-hierarchy=hybrid)
[   12.699396] systemd[1]: Detected virtualization oracle.
[   12.700446] systemd[1]: Detected architecture x86-64.

Welcome to [1mUbuntu 18.04.3 LTS[0m!

[   12.718827] systemd[1]: Set hostname to <ubuntu>.
[   12.721480] systemd[1]: Initializing machine ID from random generator.
[   12.722816] systemd[1]: Installed transient /etc/machine-id file.
[   12.973556] systemd[1]: Reached target System Time Synchronized.
[[0;32m  OK  [0m] Reached target System Time Synchronized.
[   14.050964] systemd[1]: Reached target User and Group Name Lookups.
[[0;32m  OK  [0m] Reached target User and Group Name Lookups.
[   14.053075] systemd[1]: Started Forward Password Requests to Wall Directory Watch.
[[0;32m  OK  [0m] Started Forward Password Requests to Wall Directory Watch.
[   14.058541] systemd[1]: Reached target Swap.
[[0;32m  OK  [0m] Reached target Swap.
[[0;32m  OK  [0m] Created slice System Slice.
[[0;32m  OK  [0m] Listening on udev Control Socket.
[[0;32m  OK  [0m] Listening on LVM2 metadata daemon socket.
[[0;32m  OK  [0m] Listening on Journal Socket.
         Starting Load Kernel Modules...
         Starting Create list of required stâ€¦ce nodes for the current kernel...
[[0;32m  OK  [0m] Listening on Device-mapper event[   14.096990] Loading iSCSI transport class v2.0-870.
 daemon FIFOs.
[   14.101817] iscsi: registered transport (tcp)
         Starting Monitor[   14.206246] iscsi: registered transport (iser)
ing of LVM2 mirrorsâ€¦ng dmeventd or progress polling...
[[0;32m  OK  [0m] Listening on Journal Audit Socket.
         Mounting Kernel Debug File System...
[[0;32m  OK  [0m] Created slice system-serial\x2dgetty.slice.
[[0;32m  OK  [0m] Listening on Journal Socket (/dev/log).
         Mounting POSIX Message Queue File System...
[[0;32m  OK  [0m] Listening on Network Service Netlink Socket.
[[0;32m  OK  [0m] Listening on udev Kernel Socket.
         Starting udev Coldplug all Devices...
[[0;32m  OK  [0m] Listening on Syslog Socket.
         Starting Journal Service...
[[0;32m  OK  [0m] Created slice User and Session Slice.
[[0;32m  OK  [0m] Reached target Slices.
[[0;32m  OK  [0m] Listening on LVM2 poll daemon socket.
[[0;32m  OK  [0m] Set up automount Arbitrary Executabâ€¦rmats File System Automount Point.
         Starting Set the console keyboard layout...
         Mounting Huge Pages File System...
[[0;32m  OK  [0m] Listening on /dev/initctl Compatibility Named Pipe.
         Starting Uncomplicated firewall...
         Starting Remount Root and Kernel File Systems...
[[0;32m  OK  [0m] Started Journal Service.
[[0;32m  OK  [0m] Started Load Kernel Modules.
[[0;32m  OK  [0m] Started Create list of required staâ€¦vice nodes for the current kernel.
[[   14.472058] EXT4-fs (sda1): re-mounted. Opts: (null)
[0;32m  OK  [0m] Mounted Kernel Debug File System.
[[0;32m  OK  [0m] Mounted POSIX Message Queue File System.
[[0;32m  OK  [0m] Mounted Huge Pages File System.
[[0;32m  OK  [0m] Started Uncomplicated firewall.
[[0;32m  OK  [0m] Started Remount Root and Kernel File Systems.
[[0;32m  OK  [0m] Started udev Coldplug all Devices.
[[0;32m  OK  [0m] Started LVM2 metadata daemon.
         Starting Load/Save Random Seed...
         Starting Create Static Device Nodes in /dev...
         Starting Apply Kernel Variables...
         Mounting Kernel Configuration File System...
         Mounting FUSE Control File System...
         Starting Flush Journal to Persistent Storage...
[[0;32m  OK  [0m] Mounted Kernel Configuration File System.
[[0;32m  OK  [0m] Mounted FUSE Control File System.
[   14.613970] random: crng init done
[   14.619968] random: 7 urandom warning(s) missed due to ratelimiting
[[0;32m  OK  [0m] Started Monitoring of LVM2 mirrors,â€¦sing dmeventd or progress polling.
[[0;32m  OK  [0m] Started Load/Save Random Seed.
[[0;32m  OK  [0m] Started Apply Kernel Variables.
[[0;32m  OK  [0m] Started Create Static Device Nodes in /dev.
         Starting udev Kernel Device Manager...
[[0;32m  OK  [0m] Started Flush Journal to Persistent Storage.
[[0;32m  OK  [0m] Started udev Kernel Device Manager.
[[0;32m  OK  [0m] Found device /dev/ttyS0.
[[0;32m  OK  [0m] Listening on Load/Save RF Kill Switch Status /dev/rfkill Watch.
[[0;32m  OK  [0m] Started Set the console keyboard layout.
[[0;32m  OK  [0m] Started Dispatch Password Requests to Console Directory Watch.
[[0;32m  OK  [0m] Reached target Local Encrypted Volumes.
[[0;32m  OK  [0m] Reached target Local File Systems (Pre).
[[0;32m  OK  [0m] Reached target Local File Systems.
         Starting Tell Plymouth To Write Out Runtime Data...
         Starting Commit a transient machine-id on disk...
         Starting ebtables ruleset management...
         Starting AppArmor initialization...
         Starting Set console font and keymap...
         Starting Create Volatile Files and Directories...
[[0;32m  OK  [0m] Started Tell Plymouth To Write Out Runtime Data.
[[0;32m  OK  [0m] Started Commit a transient machine-id on disk.
[[0;32m  OK  [0m] Started Set console font and keymap.
[[0;32m  OK  [0m] Started Create Volatile Files and Directories.
         Starting Update UTMP about System Boot/Shutdown...
[[0;32m  OK  [0m] Started ebtables ruleset management.
[[0;32m  OK  [0m] Started Update UTMP about System Boot/Shutdown.
[[0;32m  OK  [0m] Started AppArmor initialization.
         Starting Initial cloud-init job (pre-networking)...
[   16.809884] cloud-init[676]: Cloud-init v. 19.2-36-g059d049c-0ubuntu2~18.04.1 running 'init-local' at Tue, 19 Nov 2019 09:34:03 +0000. Up 16.48 seconds.
[[0;32m  OK  [0m] Started Initial cloud-init job (pre-networking).
[[0;32m  OK  [0m] Reached target Network (Pre).
         Starting Network Service...
[[0;32m  OK  [0m] Started Network Service.
         Starting Network Name Resolution...
         Starting Wait for Network to be Configured...
[[0;32m  OK  [0m] Started Network Name Resolution.
[[0;32m  OK  [0m] Reached target Network.
[[0;32m  OK  [0m] Reached target Host and Network Name Lookups.
[[0;32m  OK  [0m] Started Wait for Network to be Configured.
         Starting Initial cloud-init job (metadata service crawler)...
[   18.464898] cloud-init[804]: Cloud-init v. 19.2-36-g059d049c-0ubuntu2~18.04.1 running 'init' at Tue, 19 Nov 2019 09:34:05 +0000. Up 18.33 seconds.
[   18.486679] cloud-init[804]: ci-info: ++++++++++++++++++++++++++++++++++++++Net device info+++++++++++++++++++++++++++++++++++++++
[   18.488745] cloud-init[804]: ci-info: +--------+-------+----------------------------+---------------+--------+-------------------+
[   18.490699] cloud-init[804]: ci-info: | Device |   Up  |          Address           |      Mask     | Scope  |     Hw-Address    |
[   18.492590] cloud-init[804]: ci-info: +--------+-------+----------------------------+---------------+--------+-------------------+
[   18.496298] cloud-init[804]: ci-info: | enp0s3 |  True |         10.0.2.15          | 255.255.255.0 | global | 02:c7:16:cf:84:50 |
[   18.497193] cloud-init[804]: ci-info: | enp0s3 |  True | fe80::c7:16ff:fecf:8450/64 |       .       |  link  | 02:c7:16:cf:84:50 |
[   18.498061] cloud-init[804]: ci-info: | enp0s8 | False |             .              |       .       |   .    | 08:00:27:5a:e2:c2 |
[   18.498964] cloud-init[804]: ci-info: |   lo   |  True |         127.0.0.1          |   255.0.0.0   |  host  |         .         |
[   18.499867] cloud-init[804]: ci-info: |   lo   |  True |          ::1/128           |       .       |  host  |         .         |
[   18.500741] cloud-init[804]: ci-info: +--------+-------+----------------------------+---------------+--------+-------------------+
[   18.501593] cloud-init[804]: ci-info: ++++++++++++++++++++++++++++Route IPv4 info+++++++++++++++++++++++++++++
[   18.503473] cloud-init[804]: ci-info: +-------+-------------+----------+-----------------+-----------+-------+
[   18.504301] cloud-init[804]: ci-info: | Route | Destination | Gateway  |     Genmask     | Interface | Flags |
[   18.505172] cloud-init[804]: ci-info: +-------+-------------+----------+-----------------+-----------+-------+
[   18.505999] cloud-init[804]: ci-info: |   0   |   0.0.0.0   | 10.0.2.2 |     0.0.0.0     |   enp0s3  |   UG  |
[   18.506841] cloud-init[804]: ci-info: |   1   |   10.0.2.0  | 0.0.0.0  |  255.255.255.0  |   enp0s3  |   U   |
[   18.507686] cloud-init[804]: ci-info: |   2   |   10.0.2.2  | 0.0.0.0  | 255.255.255.255 |   enp0s3  |   UH  |
[   18.509092] cloud-init[804]: ci-info: +-------+-------------+----------+-----------------+-----------+-------+
[   18.509954] cloud-init[804]: ci-info: +++++++++++++++++++Route IPv6 info+++++++++++++++++++
[   18.510701] cloud-init[804]: ci-info: +-------+-------------+---------+-----------+-------+
[   18.513481] cloud-init[804]: ci-info: | Route | Destination | Gateway | Interface | Flags |
[   18.531027] cloud-init[804]: ci-info: +-------+-------------+---------+-----------+-------+
[   18.533161] cloud-init[804]: ci-info: |   1   |  fe80::/64  |    ::   |   enp0s3  |   U   |
[   18.534134] cloud-init[804]: ci-info: |   3   |    local    |    ::   |   enp0s3  |   U   |
[   18.535080] cloud-init[804]: ci-info: |   4   |   ff00::/8  |    ::   |   enp0s3  |   U   |
[   18.535905] cloud-init[804]: ci-info: +-------+-------------+---------+-----------+-------+
[   19.161074] cloud-init[804]: Generating public/private rsa key pair.
[   19.174444] cloud-init[804]: Your identification has been saved in /etc/ssh/ssh_host_rsa_key.
[   19.175512] cloud-init[804]: Your public key has been saved in /etc/ssh/ssh_host_rsa_key.pub.
[   19.179001] cloud-init[804]: The key fingerprint is:
[   19.179872] cloud-init[804]: SHA256:dl0QgWCl1N2+B0h+cwEt+QYVC16TtJ6FgPBJUeZ46Tk root@ubuntu-bionic
[   19.181208] cloud-init[804]: The key's randomart image is:
[   19.182845] cloud-init[804]: +---[RSA 2048]----+
[   19.183779] cloud-init[804]: |        ==+*B***o|
[   19.184600] cloud-init[804]: |       o ++=+B+=+|
[   19.186372] cloud-init[804]: |        . +o++*oo|
[   19.192513] cloud-init[804]: |           +oo*o+|
[   19.193289] cloud-init[804]: |        S . E..B |
[   19.194043] cloud-init[804]: |       . .   .. .|
[   19.194833] cloud-init[804]: |               . |
[   19.195974] cloud-init[804]: |                 |
[   19.197761] cloud-init[804]: |                 |
[   19.198530] cloud-init[804]: +----[SHA256]-----+
[   19.199445] cloud-init[804]: Generating public/private dsa key pair.
[   19.200470] cloud-init[804]: Your identification has been saved in /etc/ssh/ssh_host_dsa_key.
[   19.201603] cloud-init[804]: Your public key has been saved in /etc/ssh/ssh_host_dsa_key.pub.
[   19.202843] cloud-init[804]: The key fingerprint is:
[[0;32m  OK  [0m] Started Initial cloud-init job (metadata service crawler).
[   19.205832] cloud-init[804]: SHA256:4PYLzjhGxq5SST7t2koecv49RkKJgL3gW7mTBUF3ag4 root@ubuntu-bionic
[   19.221827] cloud-init[804]: The key's randomart image is:
[   19.222930] cloud-init[804]: +---[DSA 1024]----+
[[   19.223895] cloud-init[804]: |...o.. .         |
[   19.224262] cloud-init[804]: |+ ... o          |
[   19.225140] cloud-init[804]: |.o Eo+.          |
[   19.225717] cloud-init[804]: | .+o*o .         |
[   19.226281] cloud-init[804]: | oo=+.o S        |
[   19.227084] cloud-init[804]: | .=+*...         |
[   19.227817] cloud-init[804]: |..+*.o. .        |
[   19.228609] cloud-init[804]: |.* o==o. .       |
[   19.229164] cloud-init[804]: | .**+o+..        |
[   19.229373] cloud-init[804]: +----[SHA256]-----+
[0;32m  OK  [0m] Reached target Network is Online.
[   19.229683] cloud-init[804]: Generating public/private ecdsa key pair.
[   19.238987] cloud-init[804]: Your identification has been saved in /etc/ssh/ssh_host_ecdsa_key.
         Starting Availability of block devices...
[[   19.262349] cloud-init[804]: Your public key has been saved in /etc/ssh/ssh_host_ecdsa_key.pub.
[0;32m  OK  [0m[   19.270228] cloud-init[804]: The key fingerprint is:
[   19.271496] cloud-init[804]: SHA256:UqIj1XB68egKa30lwxmPqRw0uXG86PtfxU+acIS3kvQ root@ubuntu-bionic
[   19.272732] cloud-init[804]: The key's randomart image is:
[   19.273046] cloud-init[804]: +---[ECDSA 256]---+
[   19.273905] cloud-init[804]: |    . o          |
[   19.274481] cloud-init[804]: |     B +   .     |
] Reached target Remote File Systems (Pre).
[[   19.275177] cloud-init[804]: |    B O o o o    |
[   19.281278] cloud-init[804]: |   o @ X . * .   |
[0;32m  OK  [0m] [   19.281748] cloud-init[804]: |  o * @ S + E .  |
[   19.282334] cloud-init[804]: |   B = =   = =   |
Reached target Remote File Systems.
[   19.282582] cloud-init[804]: |  o * .   . o .  |
[[   19.284493] cloud-init[804]: | .   o   .       |
[   19.284585] cloud-init[804]: |    .....        |
[   19.284872] cloud-init[804]: +----[SHA256]-----+
[   19.285144] cloud-init[804]: Generating public/private ed25519 key pair.
[   19.285431] cloud-init[804]: Your identification has been saved in /etc/ssh/ssh_host_ed25519_key.
[   19.285711] cloud-init[804]: Your public key has been saved in /etc/ssh/ssh_host_ed25519_key.pub.
[   19.285985] cloud-init[804]: The key fingerprint is:
[   19.286265] cloud-init[804]: SHA256:TNNoWBb3YAuyHrdqi7oK9JnqSmrNMUn6CvH5Lxik9wk root@ubuntu-bionic
[   19.286549] cloud-init[804]: The key's randomart image is:
[   19.287035] cloud-init[804]: +--[ED25519 256]--+
[   19.287325] cloud-init[804]: |      . =.+      |
[   19.287607] cloud-init[804]: |       * * +     |
[   19.287876] cloud-init[804]: |      + * o .    |
[   19.288357] cloud-init[804]: |  .. . * o       |
[   19.288641] cloud-init[804]: |.+o . . S        |
[   19.288914] cloud-init[804]: |o+E=o  .         |
[   19.289194] cloud-init[804]: |oo*Oo.o          |
[   19.289469] cloud-init[804]: |=.o=+o .         |
[   19.289770] cloud-init[804]: |B=+oooo          |
[   19.290027] cloud-init[804]: +----[SHA256]-----+
[0;32m  OK  [0m] Reached target System Initialization.
[[0;32m  OK  [0m] Started Daily Cleanup of Temporary Directories.
[[0;32m  OK  [0m] Started Message of the Day.
[[0;32m  OK  [0m] Started Daily apt download activities.
[[0;32m  OK  [0m] Started Daily apt upgrade and clean activities.
         Starting LXD - unix socket.
[[0;32m  OK  [0m] Started Discard unused blocks once a week.
[[0;32m  OK  [0m] Reached target Timers.
[[0;32m  OK  [0m] Listening on Open-iSCSI iscsid Socket.
[[0;32m  OK  [0m] Started ACPI Events Check.
[[0;32m  OK  [0m] Reached target Paths.
[[0;32m  OK  [0m] Listening on UUID daemon activation socket.
[[0;32m  OK  [0m] Listening on ACPID Listen Socket.
         Starting Socket activation for snappy daemon.
[[0;32m  OK  [0m] Listening on D-Bus System Message Bus Socket.
[[0;32m  OK  [0m] Reached target Cloud-config availability.
[[0;32m  OK  [0m] Started Availability of block devices.
[[0;32m  OK  [0m] Listening on LXD - unix socket.
[[0;32m  OK  [0m] Listening on Socket activation for snappy daemon.
[[0;32m  OK  [0m] Reached target Sockets.
[[0;32m  OK  [0m] Reached target Basic System.
         Starting Permit User Sessions...
         Starting Pollinate to seed the pseudo random number generator...
[[0;32m  OK  [0m] Started irqbalance daemon.
[[0;32m  OK  [0m] Started Deferred execution scheduler.
         Starting Login Service...
         Starting Virtualbox guest utils...
[[0;32m  OK  [0m] Started FUSE filesystem for LXC.
[[0;32m  OK  [0m] Started Regular background program processing daemon.
         Starting LSB: Record successful boot for GRUB...
         Starting LXD - container startup/shutdown...
         Starting System Logging Service...
         Starting Dispatcher daemon for systemd-networkd...
[[0;32m  OK  [0m] Started D-Bus System Message Bus.
[[0;32m  OK  [0m] Started Login Service.
[[0;32m  OK  [0m] Started Unattended Upgrades Shutdown.
         Starting Accounts Service...
         Starting LSB: automatic crash report generation...
         Starting Snappy daemon...
[[0;32m  OK  [0m] Started System Logging Service.
[[0;32m  OK  [0m] Started Permit User Sessions.
         Starting Hold until boot process finishes up...
         Starting Terminate Plymouth Boot Screen...
[[0;32m  OK  [0m] Started Hold until boot process finishes up.
[[0;32m  OK  [0m] Started LXD - container startup/shutdown.
[[0;32m  OK  [0m] Started Terminate Plymouth Boot Screen.
         Starting Authorization Manager...
         Starting Set console scheme...
[[0;32m  OK  [0m] Started Serial Getty on ttyS0.
[[0;32m  OK  [0m] Started Authorization Manager.
[[0;32m  OK  [0m] Started Accounts Service.
[[0;32m  OK  [0m] Started Set console scheme.
[[0;32m  OK  [0m] Created slice system-getty.slice.
[[0;32m  OK  [0m] Started Getty on tty1.
[[0;32m  OK  [0m] Reached target Login Prompts.
[[0;32m  OK  [0m] Started LSB: automatic crash report generation.
[[0;32m  OK  [0m] Started Virtualbox guest utils.
[[0;32m  OK  [0m] Started LSB: Record successful boot for GRUB.
[[0;32m  OK  [0m] Started Dispatcher daemon for systemd-networkd.
[[0;32m  OK  [0m] Started Snappy daemon.
         Starting Wait until snapd is fully seeded...
[[0;32m  OK  [0m] Started Pollinate to seed the pseudo random number generator.
         Starting OpenBSD Secure Shell server...
[[0;32m  OK  [0m] Started OpenBSD Secure Shell server.
[[0;32m  OK  [0m] Started Wait until snapd is fully seeded.
[[0;32m  OK  [0m] Reached target Multi-User System.
[[0;32m  OK  [0m] Reached target Graphical Interface.
         Starting Update UTMP about System Runlevel Changes...
         Starting Apply the settings specified in cloud-config...
[[0;32m  OK  [0m] Started Update UTMP about System Runlevel Changes.
[   22.067509] cloud-init[1359]: Cloud-init v. 19.2-36-g059d049c-0ubuntu2~18.04.1 running 'modules:config' at Tue, 19 Nov 2019 09:34:08 +0000. Up 21.73 seconds.
[[0;32m  OK  [0m] Started Apply the settings specified in cloud-config.
         Starting Execute cloud user/final scripts...
ci-info: no authorized ssh keys fingerprints found for user ubuntu.
<14>Nov 19 09:34:09 ec2: 
<14>Nov 19 09:34:09 ec2: #############################################################
<14>Nov 19 09:34:09 ec2: -----BEGIN SSH HOST KEY FINGERPRINTS-----
<14>Nov 19 09:34:09 ec2: 1024 SHA256:4PYLzjhGxq5SST7t2koecv49RkKJgL3gW7mTBUF3ag4 root@ubuntu-bionic (DSA)
<14>Nov 19 09:34:09 ec2: 256 SHA256:UqIj1XB68egKa30lwxmPqRw0uXG86PtfxU+acIS3kvQ root@ubuntu-bionic (ECDSA)
<14>Nov 19 09:34:09 ec2: 256 SHA256:TNNoWBb3YAuyHrdqi7oK9JnqSmrNMUn6CvH5Lxik9wk root@ubuntu-bionic (ED25519)
<14>Nov 19 09:34:09 ec2: 2048 SHA256:dl0QgWCl1N2+B0h+cwEt+QYVC16TtJ6FgPBJUeZ46Tk root@ubuntu-bionic (RSA)
<14>Nov 19 09:34:09 ec2: -----END SSH HOST KEY FINGERPRINTS-----
<14>Nov 19 09:34:09 ec2: #############################################################
-----BEGIN SSH HOST KEY KEYS-----
ecdsa-sha2-nistp256 AAAAE2VjZHNhLXNoYTItbmlzdHAyNTYAAAAIbmlzdHAyNTYAAABBBHqjtHwTZStYHIVkzX+RzwSRDV/hYPNhfJn404OA5cwDxmM8IEeISC3+6L4cn/pMQ/M8QGQ/VuEgm9JtoBGI9lc= root@ubuntu-bionic
ssh-ed25519 AAAAC3NzaC1lZDI1NTE5AAAAINv4JIZQ7CBKCF5gn0T9KyS14JZOS2eKuFi2bwPS8Ua9 root@ubuntu-bionic
ssh-rsa AAAAB3NzaC1yc2EAAAADAQABAAABAQDSX3qIRqZf+Iu81O41UHGYrVxmnHXCLUttDCG3Aj0OCx4xBjmu3QoSm3kpA4fexXllCBGo1GHlNcbYOnYXucav7xgRFk9cc5s3hbM9i2HftXs/AH03UPromtK2KxFDKM7qaKlTyPGyVjpkdPyqeg0EA1jKdNWJRPSqchjaUwfrAyOdwaqDb5lC14NIhKssNvJFW6P+Mo+vvOWj5pPgqPp0ovhl3h8x9voTQx01UwDpGNOLYdZgrm+NeNeCo5s3N+zNPeYM8VRbgN6UxiDm+vV2mDfnN1NjjkejClBJzh1R9OKjD+hDl5nJWETtLrI6GsptSnLYBvQBBpgmVwRs9K+T root@ubuntu-bionic
-----END SSH HOST KEY KEYS-----
[   22.551129] cloud-init[1425]: Cloud-init v. 19.2-36-g059d049c-0ubuntu2~18.04.1 running 'modules:final' at Tue, 19 Nov 2019 09:34:09 +0000. Up 22.40 seconds.
[   22.562091] cloud-init[1425]: ci-info: no authorized ssh keys fingerprints found for user ubuntu.
[   22.563113] cloud-init[1425]: Cloud-init v. 19.2-36-g059d049c-0ubuntu2~18.04.1 finished at Tue, 19 Nov 2019 09:34:09 +0000. Datasource DataSourceNoCloud [seed=/dev/sdb][dsmode=net].  Up 22.54 seconds
[[0;32m  OK  [0m] Started Execute cloud user/final scripts.
[[0;32m  OK  [0m] Reached target Cloud-init target.

Ubuntu 18.04.3 LTS ubuntu-bionic ttyS0

ubuntu-bionic login: 